Archive member included to satisfy reference by file (symbol)

c:/program files (x86)/gnu tools arm embedded/5.4 2016q3/bin/../lib/gcc/arm-none-eabi/5.4.1/../../../../arm-none-eabi/lib/armv7e-m/softfp\libc.a(lib_a-exit.o)
                              c:/program files (x86)/gnu tools arm embedded/5.4 2016q3/bin/../lib/gcc/arm-none-eabi/5.4.1/../../../../arm-none-eabi/lib/armv7e-m/softfp/rdimon-crt0.o (exit)
c:/program files (x86)/gnu tools arm embedded/5.4 2016q3/bin/../lib/gcc/arm-none-eabi/5.4.1/../../../../arm-none-eabi/lib/armv7e-m/softfp\libc.a(lib_a-impure.o)
                              c:/program files (x86)/gnu tools arm embedded/5.4 2016q3/bin/../lib/gcc/arm-none-eabi/5.4.1/../../../../arm-none-eabi/lib/armv7e-m/softfp\libc.a(lib_a-exit.o) (_global_impure_ptr)
c:/program files (x86)/gnu tools arm embedded/5.4 2016q3/bin/../lib/gcc/arm-none-eabi/5.4.1/../../../../arm-none-eabi/lib/armv7e-m/softfp\libc.a(lib_a-init.o)
                              c:/program files (x86)/gnu tools arm embedded/5.4 2016q3/bin/../lib/gcc/arm-none-eabi/5.4.1/../../../../arm-none-eabi/lib/armv7e-m/softfp/rdimon-crt0.o (__libc_init_array)
c:/program files (x86)/gnu tools arm embedded/5.4 2016q3/bin/../lib/gcc/arm-none-eabi/5.4.1/../../../../arm-none-eabi/lib/armv7e-m/softfp\libc.a(lib_a-memset.o)
                              c:/program files (x86)/gnu tools arm embedded/5.4 2016q3/bin/../lib/gcc/arm-none-eabi/5.4.1/../../../../arm-none-eabi/lib/armv7e-m/softfp/rdimon-crt0.o (memset)
c:/program files (x86)/gnu tools arm embedded/5.4 2016q3/bin/../lib/gcc/arm-none-eabi/5.4.1/../../../../arm-none-eabi/lib/armv7e-m/softfp\libc.a(lib_a-__call_atexit.o)
                              c:/program files (x86)/gnu tools arm embedded/5.4 2016q3/bin/../lib/gcc/arm-none-eabi/5.4.1/../../../../arm-none-eabi/lib/armv7e-m/softfp\libc.a(lib_a-exit.o) (__call_exitprocs)
c:/program files (x86)/gnu tools arm embedded/5.4 2016q3/bin/../lib/gcc/arm-none-eabi/5.4.1/../../../../arm-none-eabi/lib/armv7e-m/softfp\libc.a(lib_a-atexit.o)
                              c:/program files (x86)/gnu tools arm embedded/5.4 2016q3/bin/../lib/gcc/arm-none-eabi/5.4.1/../../../../arm-none-eabi/lib/armv7e-m/softfp\libc.a(lib_a-__call_atexit.o) (atexit)
c:/program files (x86)/gnu tools arm embedded/5.4 2016q3/bin/../lib/gcc/arm-none-eabi/5.4.1/../../../../arm-none-eabi/lib/armv7e-m/softfp\libc.a(lib_a-fini.o)
                              c:/program files (x86)/gnu tools arm embedded/5.4 2016q3/bin/../lib/gcc/arm-none-eabi/5.4.1/../../../../arm-none-eabi/lib/armv7e-m/softfp\libc.a(lib_a-__call_atexit.o) (__libc_fini_array)
c:/program files (x86)/gnu tools arm embedded/5.4 2016q3/bin/../lib/gcc/arm-none-eabi/5.4.1/../../../../arm-none-eabi/lib/armv7e-m/softfp\libc.a(lib_a-__atexit.o)
                              c:/program files (x86)/gnu tools arm embedded/5.4 2016q3/bin/../lib/gcc/arm-none-eabi/5.4.1/../../../../arm-none-eabi/lib/armv7e-m/softfp\libc.a(lib_a-atexit.o) (__register_exitproc)
c:/program files (x86)/gnu tools arm embedded/5.4 2016q3/bin/../lib/gcc/arm-none-eabi/5.4.1/../../../../arm-none-eabi/lib/armv7e-m/softfp\librdimon.a(rdimon-syscalls.o)
                              c:/program files (x86)/gnu tools arm embedded/5.4 2016q3/bin/../lib/gcc/arm-none-eabi/5.4.1/../../../../arm-none-eabi/lib/armv7e-m/softfp/rdimon-crt0.o (initialise_monitor_handles)
c:/program files (x86)/gnu tools arm embedded/5.4 2016q3/bin/../lib/gcc/arm-none-eabi/5.4.1/../../../../arm-none-eabi/lib/armv7e-m/softfp\librdimon.a(rdimon-_exit.o)
                              c:/program files (x86)/gnu tools arm embedded/5.4 2016q3/bin/../lib/gcc/arm-none-eabi/5.4.1/../../../../arm-none-eabi/lib/armv7e-m/softfp\libc.a(lib_a-exit.o) (_exit)
c:/program files (x86)/gnu tools arm embedded/5.4 2016q3/bin/../lib/gcc/arm-none-eabi/5.4.1/../../../../arm-none-eabi/lib/armv7e-m/softfp\librdimon.a(rdimon-_kill.o)
                              c:/program files (x86)/gnu tools arm embedded/5.4 2016q3/bin/../lib/gcc/arm-none-eabi/5.4.1/../../../../arm-none-eabi/lib/armv7e-m/softfp\librdimon.a(rdimon-_exit.o) (_kill)
c:/program files (x86)/gnu tools arm embedded/5.4 2016q3/bin/../lib/gcc/arm-none-eabi/5.4.1/../../../../arm-none-eabi/lib/armv7e-m/softfp\libg.a(lib_a-errno.o)
                              c:/program files (x86)/gnu tools arm embedded/5.4 2016q3/bin/../lib/gcc/arm-none-eabi/5.4.1/../../../../arm-none-eabi/lib/armv7e-m/softfp\librdimon.a(rdimon-syscalls.o) (__errno)
c:/program files (x86)/gnu tools arm embedded/5.4 2016q3/bin/../lib/gcc/arm-none-eabi/5.4.1/../../../../arm-none-eabi/lib/armv7e-m/softfp\libg.a(lib_a-findfp.o)
                              c:/program files (x86)/gnu tools arm embedded/5.4 2016q3/bin/../lib/gcc/arm-none-eabi/5.4.1/../../../../arm-none-eabi/lib/armv7e-m/softfp\librdimon.a(rdimon-syscalls.o) (__sinit)
[...]
Memory Configuration

Name             Origin             Length             Attributes
FLASH            0x08000000         0x00200000         xr
RAM              0x20000000         0x00030000         xrw
CCMRAM           0x10000000         0x00010000         rw
*default*        0x00000000         0xffffffff

Linker script and memory map

LOAD c:/program files (x86)/gnu tools arm embedded/5.4 2016q3/bin/../lib/gcc/arm-none-eabi/5.4.1/armv7e-m/softfp/crti.o
LOAD c:/program files (x86)/gnu tools arm embedded/5.4 2016q3/bin/../lib/gcc/arm-none-eabi/5.4.1/armv7e-m/softfp/crtbegin.o
LOAD c:/program files (x86)/gnu tools arm embedded/5.4 2016q3/bin/../lib/gcc/arm-none-eabi/5.4.1/../../../../arm-none-eabi/lib/armv7e-m/softfp/rdimon-crt0.o
LOAD c:/program files (x86)/gnu tools arm embedded/5.4 2016q3/bin/../lib/gcc/arm-none-eabi/5.4.1/../../../../arm-none-eabi/lib/armv7e-m/softfp\libc.a
LOAD c:/program files (x86)/gnu tools arm embedded/5.4 2016q3/bin/../lib/gcc/arm-none-eabi/5.4.1/../../../../arm-none-eabi/lib/armv7e-m/softfp\librdimon.a
LOAD C:\Users\RB\AppData\Local\Temp\ccpJDMjC.o
LOAD Obj/system_stm32f4xx.o
LOAD Obj/stm32f4xx_it.o
LOAD Obj/main.o
LOAD Obj/tm_stm32f4_ili9341_ltdc.o
LOAD Obj/tm_stm32f4_dma2d_graphic.o
LOAD Obj/tm_stm32f4_sdram.o
LOAD Obj/tm_stm32f4_fonts.o
LOAD Obj/tm_stm32f4_delay.o
LOAD Obj/tm_stm32f4_disco.o
LOAD Obj/tm_stm32f4_gpio.o
LOAD Obj/tm_stm32f4_spi.o
LOAD Obj/stm32f4xx_spi.o
LOAD Obj/stm32f4xx_dma2d.o
LOAD Obj/misc.o
LOAD Obj/stm32f4xx_ltdc.o
LOAD Obj/stm32f4xx_rcc.o
LOAD Obj/stm32f4xx_fmc.o
LOAD Obj/stm32f4xx_gpio.o
LOAD Obj/brick.o
START GROUP
LOAD c:/program files (x86)/gnu tools arm embedded/5.4 2016q3/bin/../lib/gcc/arm-none-eabi/5.4.1/armv7e-m/softfp\libgcc.a
LOAD c:/program files (x86)/gnu tools arm embedded/5.4 2016q3/bin/../lib/gcc/arm-none-eabi/5.4.1/../../../../arm-none-eabi/lib/armv7e-m/softfp\libg.a
LOAD c:/program files (x86)/gnu tools arm embedded/5.4 2016q3/bin/../lib/gcc/arm-none-eabi/5.4.1/../../../../arm-none-eabi/lib/armv7e-m/softfp\libc.a
END GROUP
START GROUP
LOAD c:/program files (x86)/gnu tools arm embedded/5.4 2016q3/bin/../lib/gcc/arm-none-eabi/5.4.1/armv7e-m/softfp\libgcc.a
LOAD c:/program files (x86)/gnu tools arm embedded/5.4 2016q3/bin/../lib/gcc/arm-none-eabi/5.4.1/../../../../arm-none-eabi/lib/armv7e-m/softfp\libc.a
LOAD c:/program files (x86)/gnu tools arm embedded/5.4 2016q3/bin/../lib/gcc/arm-none-eabi/5.4.1/../../../../arm-none-eabi/lib/armv7e-m/softfp\librdimon.a
END GROUP
LOAD c:/program files (x86)/gnu tools arm embedded/5.4 2016q3/bin/../lib/gcc/arm-none-eabi/5.4.1/armv7e-m/softfp/crtend.o
LOAD c:/program files (x86)/gnu tools arm embedded/5.4 2016q3/bin/../lib/gcc/arm-none-eabi/5.4.1/armv7e-m/softfp/crtn.o
                0x20030000                _estack = 0x20030000
                0x00000200                _Min_Heap_Size = 0x200
                0x00000400                _Min_Stack_Size = 0x400

.isr_vector     0x08000000      0x1ac
                0x08000000                . = ALIGN (0x4)
 *(.isr_vector)
 .isr_vector    0x08000000      0x1ac C:\Users\RB\AppData\Local\Temp\ccpJDMjC.o
                0x08000000                g_pfnVectors
                0x080001ac                . = ALIGN (0x4)

.text           0x080001ac     0x1fb8
                0x080001ac                . = ALIGN (0x4)
 *(.text)
 .text          0x080001ac       0x5c c:/program files (x86)/gnu tools arm embedded/5.4 2016q3/bin/../lib/gcc/arm-none-eabi/5.4.1/armv7e-m/softfp/crtbegin.o
 *(.text*)
 .text.__libc_init_array
                0x08000208       0x50 c:/program files (x86)/gnu tools arm embedded/5.4 2016q3/bin/../lib/gcc/arm-none-eabi/5.4.1/../../../../arm-none-eabi/lib/armv7e-m/softfp\libc.a(lib_a-init.o)
                0x08000208                __libc_init_array
 .text.startup.register_fini
                0x08000258       0x14 c:/program files (x86)/gnu tools arm embedded/5.4 2016q3/bin/../lib/gcc/arm-none-eabi/5.4.1/../../../../arm-none-eabi/lib/armv7e-m/softfp\libc.a(lib_a-__call_atexit.o)
 .text.atexit   0x0800026c        0xc c:/program files (x86)/gnu tools arm embedded/5.4 2016q3/bin/../lib/gcc/arm-none-eabi/5.4.1/../../../../arm-none-eabi/lib/armv7e-m/softfp\libc.a(lib_a-atexit.o)
                0x0800026c                atexit
 .text.__libc_fini_array
                0x08000278       0x28 c:/program files (x86)/gnu tools arm embedded/5.4 2016q3/bin/../lib/gcc/arm-none-eabi/5.4.1/../../../../arm-none-eabi/lib/armv7e-m/softfp\libc.a(lib_a-fini.o)
                0x08000278                __libc_fini_array
 .text.__register_exitproc
                0x080002a0       0xa4 c:/program files (x86)/gnu tools arm embedded/5.4 2016q3/bin/../lib/gcc/arm-none-eabi/5.4.1/../../../../arm-none-eabi/lib/armv7e-m/softfp\libc.a(lib_a-__atexit.o)
                0x080002a0                __register_exitproc
 .text._sbrk    0x08000344       0x4c c:/program files (x86)/gnu tools arm embedded/5.4 2016q3/bin/../lib/gcc/arm-none-eabi/5.4.1/../../../../arm-none-eabi/lib/armv7e-m/softfp\librdimon.a(rdimon-syscalls.o)
                0x08000344                _sbrk
 .text.Reset_Handler
                0x08000390       0x50 C:\Users\RB\AppData\Local\Temp\ccpJDMjC.o
                0x08000390                Reset_Handler
 .text.Default_Handler
                0x080003e0        0x2 C:\Users\RB\AppData\Local\Temp\ccpJDMjC.o
                0x080003e0                RTC_Alarm_IRQHandler
                0x080003e0                HASH_RNG_IRQHandler
                0x080003e0                EXTI2_IRQHandler
                0x080003e0                TIM8_CC_IRQHandler
                0x080003e0                UART8_IRQHandler
                0x080003e0                SPI4_IRQHandler
                0x080003e0                TIM1_CC_IRQHandler
                0x080003e0                DMA2_Stream5_IRQHandler
                0x080003e0                DMA1_Stream5_IRQHandler
                0x080003e0                PVD_IRQHandler
                0x080003e0                SDIO_IRQHandler
                0x080003e0                TAMP_STAMP_IRQHandler
                0x080003e0                CAN2_RX1_IRQHandler
                0x080003e0                EXTI3_IRQHandler
                0x080003e0                TIM8_TRG_COM_TIM14_IRQHandler
                0x080003e0                TIM1_UP_TIM10_IRQHandler
                0x080003e0                TIM8_UP_TIM13_IRQHandler
                0x080003e0                I2C3_ER_IRQHandler
                0x080003e0                EXTI0_IRQHandler
                0x080003e0                I2C2_EV_IRQHandler
                0x080003e0                DMA1_Stream2_IRQHandler
                0x080003e0                CAN1_RX0_IRQHandler
                0x080003e0                FPU_IRQHandler
                0x080003e0                OTG_HS_WKUP_IRQHandler
                0x080003e0                LTDC_ER_IRQHandler
                0x080003e0                CAN2_SCE_IRQHandler
                0x080003e0                DMA2_Stream2_IRQHandler
                0x080003e0                SPI1_IRQHandler
                0x080003e0                TIM6_DAC_IRQHandler
                0x080003e0                TIM1_BRK_TIM9_IRQHandler
                0x080003e0                DCMI_IRQHandler
                0x080003e0                CAN2_RX0_IRQHandler
                0x080003e0                DMA2_Stream3_IRQHandler
                0x080003e0                USART6_IRQHandler
                0x080003e0                USART3_IRQHandler
                0x080003e0                CAN1_RX1_IRQHandler
                0x080003e0                UART5_IRQHandler
                0x080003e0                DMA2_Stream0_IRQHandler
                0x080003e0                TIM4_IRQHandler
                0x080003e0                I2C1_EV_IRQHandler
                0x080003e0                DMA1_Stream6_IRQHandler
                0x080003e0                DMA1_Stream1_IRQHandler
                0x080003e0                UART4_IRQHandler
                0x080003e0                TIM3_IRQHandler
                0x080003e0                RCC_IRQHandler
                0x080003e0                TIM8_BRK_TIM12_IRQHandler
                0x080003e0                Default_Handler
                0x080003e0                EXTI15_10_IRQHandler
                0x080003e0                ADC_IRQHandler
                0x080003e0                DMA1_Stream7_IRQHandler
                0x080003e0                SPI5_IRQHandler
                0x080003e0                TIM7_IRQHandler
                0x080003e0                CAN2_TX_IRQHandler
                0x080003e0                TIM5_IRQHandler
                0x080003e0                DMA2_Stream7_IRQHandler
                0x080003e0                I2C3_EV_IRQHandler
                0x080003e0                EXTI9_5_IRQHandler
                0x080003e0                RTC_WKUP_IRQHandler
                0x080003e0                LTDC_IRQHandler
                0x080003e0                ETH_WKUP_IRQHandler
                0x080003e0                SPI2_IRQHandler
                0x080003e0                OTG_HS_EP1_IN_IRQHandler
                0x080003e0                DMA1_Stream0_IRQHandler
                0x080003e0                CAN1_TX_IRQHandler
                0x080003e0                EXTI4_IRQHandler
                0x080003e0                ETH_IRQHandler
                0x080003e0                OTG_HS_EP1_OUT_IRQHandler
                0x080003e0                WWDG_IRQHandler
                0x080003e0                SPI6_IRQHandler
                0x080003e0                TIM2_IRQHandler
                0x080003e0                OTG_FS_WKUP_IRQHandler
                0x080003e0                TIM1_TRG_COM_TIM11_IRQHandler
                0x080003e0                OTG_HS_IRQHandler
                0x080003e0                DMA2D_IRQHandler
                0x080003e0                EXTI1_IRQHandler
                0x080003e0                UART7_IRQHandler
                0x080003e0                USART2_IRQHandler
                0x080003e0                I2C2_ER_IRQHandler
                0x080003e0                DMA2_Stream1_IRQHandler
                0x080003e0                CAN1_SCE_IRQHandler
                0x080003e0                FLASH_IRQHandler
                0x080003e0                DMA2_Stream4_IRQHandler
                0x080003e0                USART1_IRQHandler
                0x080003e0                OTG_FS_IRQHandler
                0x080003e0                SPI3_IRQHandler
                0x080003e0                DMA1_Stream4_IRQHandler
                0x080003e0                I2C1_ER_IRQHandler
                0x080003e0                FMC_IRQHandler
                0x080003e0                DMA2_Stream6_IRQHandler
                0x080003e0                SAI1_IRQHandler
                0x080003e0                DMA1_Stream3_IRQHandler
 *fill*         0x080003e2        0x2 
 .text.SystemInit
                0x080003e4      0x11c Obj/system_stm32f4xx.o
                0x080003e4                SystemInit
 .text.NMI_Handler
                0x08000500        0x2 Obj/stm32f4xx_it.o
                0x08000500                NMI_Handler
 .text.HardFault_Handler
                0x08000502        0x2 Obj/stm32f4xx_it.o
                0x08000502                HardFault_Handler
 .text.MemManage_Handler
                0x08000504        0x2 Obj/stm32f4xx_it.o
                0x08000504                MemManage_Handler
 .text.BusFault_Handler
                0x08000506        0x2 Obj/stm32f4xx_it.o
                0x08000506                BusFault_Handler
 .text.UsageFault_Handler
                0x08000508        0x2 Obj/stm32f4xx_it.o
                0x08000508                UsageFault_Handler
 .text.SVC_Handler
                0x0800050a        0x2 Obj/stm32f4xx_it.o
                0x0800050a                SVC_Handler
 .text.DebugMon_Handler
                0x0800050c        0x2 Obj/stm32f4xx_it.o
                0x0800050c                DebugMon_Handler
 .text.PendSV_Handler
                0x0800050e        0x2 Obj/stm32f4xx_it.o
                0x0800050e                PendSV_Handler
 .text.SysTick_Handler
                0x08000510        0x8 Obj/stm32f4xx_it.o
                0x08000510                SysTick_Handler
 .text.startup.main
                0x08000518       0xd0 Obj/main.o
                0x08000518                main
 .text.TM_SPI_Send.constprop.1
                0x080005e8       0x40 Obj/tm_stm32f4_ili9341_ltdc.o
 .text.TM_ILI9341_InitPins
                0x08000628       0xe8 Obj/tm_stm32f4_ili9341_ltdc.o
                0x08000628                TM_ILI9341_InitPins
 .text.TM_LCD9341_InitLTDC
                0x08000710       0x80 Obj/tm_stm32f4_ili9341_ltdc.o
                0x08000710                TM_LCD9341_InitLTDC
 .text.TM_ILI9341_InitLayers
                0x08000790       0xb8 Obj/tm_stm32f4_ili9341_ltdc.o
                0x08000790                TM_ILI9341_InitLayers
 .text.TM_ILI9341_SendCommand
                0x08000848       0x20 Obj/tm_stm32f4_ili9341_ltdc.o
                0x08000848                TM_ILI9341_SendCommand
 .text.TM_ILI9341_SendData
                0x08000868       0x20 Obj/tm_stm32f4_ili9341_ltdc.o
                0x08000868                TM_ILI9341_SendData
 .text.TM_ILI9341_DrawPixel
                0x08000888       0x5c Obj/tm_stm32f4_ili9341_ltdc.o
                0x08000888                TM_ILI9341_DrawPixel
 .text.TM_ILI9341_Fill
                0x080008e4       0x20 Obj/tm_stm32f4_ili9341_ltdc.o
                0x080008e4                TM_ILI9341_Fill
 .text.TM_ILI9341_Delay
                0x08000904       0x14 Obj/tm_stm32f4_ili9341_ltdc.o
                0x08000904                TM_ILI9341_Delay
 .text.TM_ILI9341_InitLCD
                0x08000918      0x294 Obj/tm_stm32f4_ili9341_ltdc.o
                0x08000918                TM_ILI9341_InitLCD
 .text.TM_ILI9341_Rotate
                0x08000bac       0x28 Obj/tm_stm32f4_ili9341_ltdc.o
                0x08000bac                TM_ILI9341_Rotate
 .text.TM_ILI9341_SetLayer1
                0x08000bd4       0x10 Obj/tm_stm32f4_ili9341_ltdc.o
                0x08000bd4                TM_ILI9341_SetLayer1
 .text.TM_ILI9341_SetLayer2
                0x08000be4       0x14 Obj/tm_stm32f4_ili9341_ltdc.o
                0x08000be4                TM_ILI9341_SetLayer2
 .text.TM_ILI9341_Init
                0x08000bf8       0x80 Obj/tm_stm32f4_ili9341_ltdc.o
                0x08000bf8                TM_ILI9341_Init
 .text.TM_ILI9341_Putc
                0x08000c78       0x98 Obj/tm_stm32f4_ili9341_ltdc.o
                0x08000c78                TM_ILI9341_Putc
 .text.TM_ILI9341_Puts
                0x08000d10       0x74 Obj/tm_stm32f4_ili9341_ltdc.o
                0x08000d10                TM_ILI9341_Puts
 .text.TM_SDRAM_InitCustomPinsCallback
                0x08000d84        0x4 Obj/tm_stm32f4_sdram.o
                0x08000d84                TM_SDRAM_InitCustomPinsCallback
 .text.TM_SDRAM_Init
                0x08000d88      0x208 Obj/tm_stm32f4_sdram.o
                0x08000d88                TM_SDRAM_Init
 .text.TimingDelay_Decrement
                0x08000f90       0x60 Obj/tm_stm32f4_delay.o
                0x08000f90                TimingDelay_Decrement
 .text.TM_DELAY_Init
                0x08000ff0       0x54 Obj/tm_stm32f4_delay.o
                0x08000ff0                TM_DELAY_Init
 .text.TM_GPIO_INT_EnableClock
                0x08001044       0x20 Obj/tm_stm32f4_gpio.o
                0x08001044                TM_GPIO_INT_EnableClock
 .text.TM_GPIO_INT_Init
                0x08001064       0xc4 Obj/tm_stm32f4_gpio.o
                0x08001064                TM_GPIO_INT_Init
 .text.TM_GPIO_Init
                0x08001128       0x36 Obj/tm_stm32f4_gpio.o
                0x08001128                TM_GPIO_Init
 .text.TM_GPIO_InitAlternate
                0x0800115e       0x66 Obj/tm_stm32f4_gpio.o
                0x0800115e                TM_GPIO_InitAlternate
 .text.TM_SPI_InitCustomPinsCallback
                0x080011c4        0x2 Obj/tm_stm32f4_spi.o
                0x080011c4                TM_SPI_InitCustomPinsCallback
 *fill*         0x080011c6        0x2 
 .text.TM_SPI1_INT_InitPins
                0x080011c8       0x50 Obj/tm_stm32f4_spi.o
                0x080011c8                TM_SPI1_INT_InitPins
 .text.TM_SPI2_INT_InitPins
                0x08001218       0x7c Obj/tm_stm32f4_spi.o
                0x08001218                TM_SPI2_INT_InitPins
 .text.TM_SPI3_INT_InitPins
                0x08001294       0x50 Obj/tm_stm32f4_spi.o
                0x08001294                TM_SPI3_INT_InitPins
 .text.TM_SPI4_INT_InitPins
                0x080012e4       0x4c Obj/tm_stm32f4_spi.o
                0x080012e4                TM_SPI4_INT_InitPins
 .text.TM_SPI5_INT_InitPins
                0x08001330       0x60 Obj/tm_stm32f4_spi.o
                0x08001330                TM_SPI5_INT_InitPins
 .text.TM_SPI6_INT_InitPins
                0x08001390       0x38 Obj/tm_stm32f4_spi.o
                0x08001390                TM_SPI6_INT_InitPins
 .text.TM_SPIx_Init
                0x080013c8      0x13c Obj/tm_stm32f4_spi.o
 .text.TM_SPI_Init
                0x08001504       0x7c Obj/tm_stm32f4_spi.o
                0x08001504                TM_SPI_Init
 .text.SPI_Init
                0x08001580       0x3e Obj/stm32f4xx_spi.o
                0x08001580                SPI_Init
 .text.SPI_StructInit
                0x080015be       0x18 Obj/stm32f4xx_spi.o
                0x080015be                SPI_StructInit
 *fill*         0x080015d6        0x2 
 .text.LTDC_Init
                0x080015d8       0x9c Obj/stm32f4xx_ltdc.o
                0x080015d8                LTDC_Init
 .text.LTDC_Cmd
                0x08001674       0x18 Obj/stm32f4xx_ltdc.o
                0x08001674                LTDC_Cmd
 .text.LTDC_DitherCmd
                0x0800168c       0x18 Obj/stm32f4xx_ltdc.o
                0x0800168c                LTDC_DitherCmd
 .text.LTDC_ReloadConfig
                0x080016a4        0xc Obj/stm32f4xx_ltdc.o
                0x080016a4                LTDC_ReloadConfig
 .text.LTDC_LayerInit
                0x080016b0       0x9a Obj/stm32f4xx_ltdc.o
                0x080016b0                LTDC_LayerInit
 .text.LTDC_LayerCmd
                0x0800174a       0x12 Obj/stm32f4xx_ltdc.o
                0x0800174a                LTDC_LayerCmd
 .text.LTDC_LayerAlpha
                0x0800175c        0x4 Obj/stm32f4xx_ltdc.o
                0x0800175c                LTDC_LayerAlpha
 .text.RCC_PLLSAIConfig
                0x08001760       0x18 Obj/stm32f4xx_rcc.o
                0x08001760                RCC_PLLSAIConfig
 .text.RCC_PLLSAICmd
                0x08001778        0xc Obj/stm32f4xx_rcc.o
                0x08001778                RCC_PLLSAICmd
 .text.RCC_LTDCCLKDivConfig
                0x08001784       0x18 Obj/stm32f4xx_rcc.o
                0x08001784                RCC_LTDCCLKDivConfig
 .text.RCC_GetFlagStatus
                0x0800179c       0x28 Obj/stm32f4xx_rcc.o
                0x0800179c                RCC_GetFlagStatus
 .text.FMC_SDRAMInit
                0x080017c4       0xf4 Obj/stm32f4xx_fmc.o
                0x080017c4                FMC_SDRAMInit
 .text.FMC_SDRAMCmdConfig
                0x080018b8       0x20 Obj/stm32f4xx_fmc.o
                0x080018b8                FMC_SDRAMCmdConfig
 .text.FMC_SetRefreshCount
                0x080018d8       0x10 Obj/stm32f4xx_fmc.o
                0x080018d8                FMC_SetRefreshCount
 .text.FMC_GetFlagStatus
                0x080018e8       0x40 Obj/stm32f4xx_fmc.o
                0x080018e8                FMC_GetFlagStatus
 .text.__errno  0x08001928        0xc c:/program files (x86)/gnu tools arm embedded/5.4 2016q3/bin/../lib/gcc/arm-none-eabi/5.4.1/../../../../arm-none-eabi/lib/armv7e-m/softfp\libg.a(lib_a-errno.o)
                0x08001928                __errno
 .text.malloc   0x08001934       0x10 c:/program files (x86)/gnu tools arm embedded/5.4 2016q3/bin/../lib/gcc/arm-none-eabi/5.4.1/../../../../arm-none-eabi/lib/armv7e-m/softfp\libg.a(lib_a-malloc.o)
                0x08001934                malloc
 .text._malloc_r
                0x08001944      0x570 c:/program files (x86)/gnu tools arm embedded/5.4 2016q3/bin/../lib/gcc/arm-none-eabi/5.4.1/../../../../arm-none-eabi/lib/armv7e-m/softfp\libg.a(lib_a-mallocr.o)
                0x08001944                _malloc_r
 .text.__malloc_lock
                0x08001eb4        0x4 c:/program files (x86)/gnu tools arm embedded/5.4 2016q3/bin/../lib/gcc/arm-none-eabi/5.4.1/../../../../arm-none-eabi/lib/armv7e-m/softfp\libg.a(lib_a-mlock.o)
                0x08001eb4                __malloc_lock
 .text.__malloc_unlock
                0x08001eb8        0x4 c:/program files (x86)/gnu tools arm embedded/5.4 2016q3/bin/../lib/gcc/arm-none-eabi/5.4.1/../../../../arm-none-eabi/lib/armv7e-m/softfp\libg.a(lib_a-mlock.o)
                0x08001eb8                __malloc_unlock
 .text._sbrk_r  0x08001ebc       0x24 c:/program files (x86)/gnu tools arm embedded/5.4 2016q3/bin/../lib/gcc/arm-none-eabi/5.4.1/../../../../arm-none-eabi/lib/armv7e-m/softfp\libg.a(lib_a-sbrkr.o)
                0x08001ebc                _sbrk_r
 .text._malloc_trim_r
                0x08001ee0       0x9c c:/program files (x86)/gnu tools arm embedded/5.4 2016q3/bin/../lib/gcc/arm-none-eabi/5.4.1/../../../../arm-none-eabi/lib/armv7e-m/softfp\libg.a(lib_a-freer.o)
                0x08001ee0                _malloc_trim_r
 .text._free_r  0x08001f7c      0x1d0 c:/program files (x86)/gnu tools arm embedded/5.4 2016q3/bin/../lib/gcc/arm-none-eabi/5.4.1/../../../../arm-none-eabi/lib/armv7e-m/softfp\libg.a(lib_a-freer.o)
                0x08001f7c                _free_r
 *(.glue_7)
 .glue_7        0x0800214c        0x0 linker stubs
 *(.glue_7t)
 .glue_7t       0x0800214c        0x0 linker stubs
 *(.eh_frame)
 .eh_frame      0x0800214c        0x0 c:/program files (x86)/gnu tools arm embedded/5.4 2016q3/bin/../lib/gcc/arm-none-eabi/5.4.1/armv7e-m/softfp/crtbegin.o
 *(.init)
 .init          0x0800214c        0x4 c:/program files (x86)/gnu tools arm embedded/5.4 2016q3/bin/../lib/gcc/arm-none-eabi/5.4.1/armv7e-m/softfp/crti.o
                0x0800214c                _init
 .init          0x08002150        0x8 c:/program files (x86)/gnu tools arm embedded/5.4 2016q3/bin/../lib/gcc/arm-none-eabi/5.4.1/armv7e-m/softfp/crtn.o
 *(.fini)
 .fini          0x08002158        0x4 c:/program files (x86)/gnu tools arm embedded/5.4 2016q3/bin/../lib/gcc/arm-none-eabi/5.4.1/armv7e-m/softfp/crti.o
                0x08002158                _fini
 .fini          0x0800215c        0x8 c:/program files (x86)/gnu tools arm embedded/5.4 2016q3/bin/../lib/gcc/arm-none-eabi/5.4.1/armv7e-m/softfp/crtn.o
                0x08002164                . = ALIGN (0x4)
                0x08002164                _etext = .

.vfp11_veneer   0x08002164        0x0
 .vfp11_veneer  0x08002164        0x0 linker stubs

.v4_bx          0x08002164        0x0
 .v4_bx         0x08002164        0x0 linker stubs

.iplt           0x08002164        0x0
 .iplt          0x08002164        0x0 c:/program files (x86)/gnu tools arm embedded/5.4 2016q3/bin/../lib/gcc/arm-none-eabi/5.4.1/armv7e-m/softfp/crtbegin.o

.rodata         0x08002164     0x152c
                0x08002164                . = ALIGN (0x4)
 *(.rodata)
 *(.rodata*)
 .rodata._global_impure_ptr
                0x08002164        0x4 c:/program files (x86)/gnu tools arm embedded/5.4 2016q3/bin/../lib/gcc/arm-none-eabi/5.4.1/../../../../arm-none-eabi/lib/armv7e-m/softfp\libc.a(lib_a-impure.o)
                0x08002164                _global_impure_ptr
 .rodata.str1.1
                0x08002168       0x5d Obj/main.o
 *fill*         0x080021c5        0x1 
 .rodata.TM_Font7x10
                0x080021c6      0x76c Obj/tm_stm32f4_fonts.o
                0x080021c6                TM_Font7x10
 .rodata.TM_Font11x18
                0x08002932      0xd5c Obj/tm_stm32f4_fonts.o
                0x08002932                TM_Font11x18
                0x08003690                . = ALIGN (0x4)
 *fill*         0x0800368e        0x2 

.rel.dyn        0x08003690        0x0
 .rel.iplt      0x08003690        0x0 c:/program files (x86)/gnu tools arm embedded/5.4 2016q3/bin/../lib/gcc/arm-none-eabi/5.4.1/armv7e-m/softfp/crtbegin.o

.ARM.extab
 *(.ARM.extab* .gnu.linkonce.armextab.*)

.ARM            0x08003690        0x0
                0x08003690                __exidx_start = .
 *(.ARM.exidx*)
                0x08003690                __exidx_end = .

.preinit_array  0x08003690        0x0
                0x08003690                PROVIDE (__preinit_array_start, .)
 *(.preinit_array*)
                0x08003690                PROVIDE (__preinit_array_end, .)

.init_array     0x08003690        0x8
                0x08003690                PROVIDE (__init_array_start, .)
 *(SORT(.init_array.*))
 .init_array.00000
                0x08003690        0x4 c:/program files (x86)/gnu tools arm embedded/5.4 2016q3/bin/../lib/gcc/arm-none-eabi/5.4.1/../../../../arm-none-eabi/lib/armv7e-m/softfp\libc.a(lib_a-__call_atexit.o)
 *(.init_array*)
 .init_array    0x08003694        0x4 c:/program files (x86)/gnu tools arm embedded/5.4 2016q3/bin/../lib/gcc/arm-none-eabi/5.4.1/armv7e-m/softfp/crtbegin.o
                0x08003698                PROVIDE (__init_array_end, .)

.fini_array     0x08003698        0x4
                0x08003698                PROVIDE (__fini_array_start, .)
 *(SORT(.fini_array.*))
 *(.fini_array*)
 .fini_array    0x08003698        0x4 c:/program files (x86)/gnu tools arm embedded/5.4 2016q3/bin/../lib/gcc/arm-none-eabi/5.4.1/armv7e-m/softfp/crtbegin.o
                0x0800369c                PROVIDE (__fini_array_end, .)
                0x0800369c                _sidata = LOADADDR (.data)

.data           0x20000000      0x854 load address 0x0800369c
                0x20000000                . = ALIGN (0x4)
                0x20000000                _sdata = .
 *(.data)
 *(.data*)
 .data.impure_data
                0x20000000      0x428 c:/program files (x86)/gnu tools arm embedded/5.4 2016q3/bin/../lib/gcc/arm-none-eabi/5.4.1/../../../../arm-none-eabi/lib/armv7e-m/softfp\libc.a(lib_a-impure.o)
 .data._impure_ptr
                0x20000428        0x4 c:/program files (x86)/gnu tools arm embedded/5.4 2016q3/bin/../lib/gcc/arm-none-eabi/5.4.1/../../../../arm-none-eabi/lib/armv7e-m/softfp\libc.a(lib_a-impure.o)
                0x20000428                _impure_ptr
 .data.__heap_limit
                0x2000042c        0x4 c:/program files (x86)/gnu tools arm embedded/5.4 2016q3/bin/../lib/gcc/arm-none-eabi/5.4.1/../../../../arm-none-eabi/lib/armv7e-m/softfp\librdimon.a(rdimon-syscalls.o)
                0x2000042c                __heap_limit
 .data.SystemCoreClock
                0x20000430        0x4 Obj/system_stm32f4xx.o
                0x20000430                SystemCoreClock
 .data.TM_Font_7x10
                0x20000434        0x8 Obj/tm_stm32f4_fonts.o
                0x20000434                TM_Font_7x10
 .data.TM_Font_11x18
                0x2000043c        0x8 Obj/tm_stm32f4_fonts.o
                0x2000043c                TM_Font_11x18
 .data.__malloc_av_
                0x20000444      0x408 c:/program files (x86)/gnu tools arm embedded/5.4 2016q3/bin/../lib/gcc/arm-none-eabi/5.4.1/../../../../arm-none-eabi/lib/armv7e-m/softfp\libg.a(lib_a-mallocr.o)
                0x20000444                __malloc_av_
 .data.__malloc_trim_threshold
                0x2000084c        0x4 c:/program files (x86)/gnu tools arm embedded/5.4 2016q3/bin/../lib/gcc/arm-none-eabi/5.4.1/../../../../arm-none-eabi/lib/armv7e-m/softfp\libg.a(lib_a-mallocr.o)
                0x2000084c                __malloc_trim_threshold
 .data.__malloc_sbrk_base
                0x20000850        0x4 c:/program files (x86)/gnu tools arm embedded/5.4 2016q3/bin/../lib/gcc/arm-none-eabi/5.4.1/../../../../arm-none-eabi/lib/armv7e-m/softfp\libg.a(lib_a-mallocr.o)
                0x20000850                __malloc_sbrk_base
                0x20000854                . = ALIGN (0x4)
                0x20000854                _edata = .
                0x08003ef0                _siccmram = LOADADDR (.ccmram)

.jcr            0x20000854        0x0 load address 0x08003ef0
 .jcr           0x20000854        0x0 c:/program files (x86)/gnu tools arm embedded/5.4 2016q3/bin/../lib/gcc/arm-none-eabi/5.4.1/armv7e-m/softfp/crtbegin.o

.igot.plt       0x20000854        0x0 load address 0x08003ef0
 .igot.plt      0x20000854        0x0 c:/program files (x86)/gnu tools arm embedded/5.4 2016q3/bin/../lib/gcc/arm-none-eabi/5.4.1/armv7e-m/softfp/crtbegin.o

.ccmram         0x10000000        0x0 load address 0x08003ef0
                0x10000000                . = ALIGN (0x4)
                0x10000000                _sccmram = .
 *(.ccmram)
 *(.ccmram*)
                0x10000000                . = ALIGN (0x4)
                0x10000000                _eccmram = .
                0x10000000                . = ALIGN (0x4)

.bss            0x20000854       0xb4
                0x20000854                _sbss = .
                0x20000854                __bss_start__ = _sbss
 *(.bss)
 .bss           0x20000854       0x1c c:/program files (x86)/gnu tools arm embedded/5.4 2016q3/bin/../lib/gcc/arm-none-eabi/5.4.1/armv7e-m/softfp/crtbegin.o
 *(.bss*)
 .bss.heap_end.6203
                0x20000870        0x4 c:/program files (x86)/gnu tools arm embedded/5.4 2016q3/bin/../lib/gcc/arm-none-eabi/5.4.1/../../../../arm-none-eabi/lib/armv7e-m/softfp\librdimon.a(rdimon-syscalls.o)
 .bss.initialized.8203
                0x20000874        0x1 Obj/tm_stm32f4_sdram.o
 *fill*         0x20000875        0x3 
 .bss.CustomTimers
                0x20000878       0x18 Obj/tm_stm32f4_delay.o
 .bss.TM_DELAY_Initialized
                0x20000890        0x1 Obj/tm_stm32f4_delay.o
                0x20000890                TM_DELAY_Initialized
 *fill*         0x20000891        0x3 
 .bss.TM_Time   0x20000894        0x4 Obj/tm_stm32f4_delay.o
                0x20000894                TM_Time
 .bss.TM_Time2  0x20000898        0x4 Obj/tm_stm32f4_delay.o
                0x20000898                TM_Time2
 .bss.GPIO_UsedPins
                0x2000089c       0x16 Obj/tm_stm32f4_gpio.o
 *fill*         0x200008b2        0x2 
 .bss.__malloc_max_total_mem
                0x200008b4        0x4 c:/program files (x86)/gnu tools arm embedded/5.4 2016q3/bin/../lib/gcc/arm-none-eabi/5.4.1/../../../../arm-none-eabi/lib/armv7e-m/softfp\libg.a(lib_a-mallocr.o)
                0x200008b4                __malloc_max_total_mem
 .bss.__malloc_max_sbrked_mem
                0x200008b8        0x4 c:/program files (x86)/gnu tools arm embedded/5.4 2016q3/bin/../lib/gcc/arm-none-eabi/5.4.1/../../../../arm-none-eabi/lib/armv7e-m/softfp\libg.a(lib_a-mallocr.o)
                0x200008b8                __malloc_max_sbrked_mem
 .bss.__malloc_top_pad
                0x200008bc        0x4 c:/program files (x86)/gnu tools arm embedded/5.4 2016q3/bin/../lib/gcc/arm-none-eabi/5.4.1/../../../../arm-none-eabi/lib/armv7e-m/softfp\libg.a(lib_a-mallocr.o)
                0x200008bc                __malloc_top_pad
 .bss.__malloc_current_mallinfo
                0x200008c0       0x28 c:/program files (x86)/gnu tools arm embedded/5.4 2016q3/bin/../lib/gcc/arm-none-eabi/5.4.1/../../../../arm-none-eabi/lib/armv7e-m/softfp\libg.a(lib_a-mallocr.o)
                0x200008c0                __malloc_current_mallinfo
 *(COMMON)
 COMMON         0x200008e8       0x16 Obj/tm_stm32f4_ili9341_ltdc.o
                0x200008e8                ILI9341_x
                0x200008ec                ILI9341_Opts
                0x200008fc                ILI9341_y
 *fill*         0x200008fe        0x2 
 COMMON         0x20000900        0x4 Obj/tm_stm32f4_delay.o
                0x20000900                mult
 COMMON         0x20000904        0x4 c:/program files (x86)/gnu tools arm embedded/5.4 2016q3/bin/../lib/gcc/arm-none-eabi/5.4.1/../../../../arm-none-eabi/lib/armv7e-m/softfp\libg.a(lib_a-reent.o)
                0x20000904                errno
                0x20000908                . = ALIGN (0x4)
                0x20000908                _ebss = .
                0x20000908                __bss_end__ = _ebss

._user_heap_stack
                0x20000908      0x600
                0x20000908                . = ALIGN (0x4)
                0x20000908                PROVIDE (end, .)
                [!provide]                PROVIDE (_end, .)
                0x20000b08                . = (. + _Min_Heap_Size)
 *fill*         0x20000908      0x200 
                0x20000f08                . = (. + _Min_Stack_Size)
 *fill*         0x20000b08      0x400 
                0x20000f08                . = ALIGN (0x4)

/DISCARD/
 libc.a(*)
 libm.a(*)
 libgcc.a(*)

.ARM.attributes
                0x00000000       0x2e
 *(.ARM.attributes)
 .ARM.attributes
                0x00000000       0x22 c:/program files (x86)/gnu tools arm embedded/5.4 2016q3/bin/../lib/gcc/arm-none-eabi/5.4.1/armv7e-m/softfp/crti.o
 .ARM.attributes
                0x00000022       0x32 c:/program files (x86)/gnu tools arm embedded/5.4 2016q3/bin/../lib/gcc/arm-none-eabi/5.4.1/armv7e-m/softfp/crtbegin.o
 .ARM.attributes
                0x00000054       0x32 c:/program files (x86)/gnu tools arm embedded/5.4 2016q3/bin/../lib/gcc/arm-none-eabi/5.4.1/../../../../arm-none-eabi/lib/armv7e-m/softfp\libc.a(lib_a-impure.o)
 .ARM.attributes
                0x00000086       0x32 c:/program files (x86)/gnu tools arm embedded/5.4 2016q3/bin/../lib/gcc/arm-none-eabi/5.4.1/../../../../arm-none-eabi/lib/armv7e-m/softfp\libc.a(lib_a-init.o)
 .ARM.attributes
                0x000000b8       0x32 c:/program files (x86)/gnu tools arm embedded/5.4 2016q3/bin/../lib/gcc/arm-none-eabi/5.4.1/../../../../arm-none-eabi/lib/armv7e-m/softfp\libc.a(lib_a-__call_atexit.o)
 .ARM.attributes
                0x000000ea       0x32 c:/program files (x86)/gnu tools arm embedded/5.4 2016q3/bin/../lib/gcc/arm-none-eabi/5.4.1/../../../../arm-none-eabi/lib/armv7e-m/softfp\libc.a(lib_a-atexit.o)
 .ARM.attributes
                0x0000011c       0x32 c:/program files (x86)/gnu tools arm embedded/5.4 2016q3/bin/../lib/gcc/arm-none-eabi/5.4.1/../../../../arm-none-eabi/lib/armv7e-m/softfp\libc.a(lib_a-fini.o)
 .ARM.attributes
                0x0000014e       0x32 c:/program files (x86)/gnu tools arm embedded/5.4 2016q3/bin/../lib/gcc/arm-none-eabi/5.4.1/../../../../arm-none-eabi/lib/armv7e-m/softfp\libc.a(lib_a-__atexit.o)
 .ARM.attributes
                0x00000180       0x32 c:/program files (x86)/gnu tools arm embedded/5.4 2016q3/bin/../lib/gcc/arm-none-eabi/5.4.1/../../../../arm-none-eabi/lib/armv7e-m/softfp\librdimon.a(rdimon-syscalls.o)
 .ARM.attributes
                0x000001b2       0x21 C:\Users\RB\AppData\Local\Temp\ccpJDMjC.o
 .ARM.attributes
                0x000001d3       0x37 Obj/system_stm32f4xx.o
 .ARM.attributes
                0x0000020a       0x37 Obj/stm32f4xx_it.o
 .ARM.attributes
                0x00000241       0x37 Obj/main.o
 .ARM.attributes
                0x00000278       0x37 Obj/tm_stm32f4_ili9341_ltdc.o
 .ARM.attributes
                0x000002af       0x37 Obj/tm_stm32f4_sdram.o
 .ARM.attributes
                0x000002e6       0x37 Obj/tm_stm32f4_fonts.o
 .ARM.attributes
                0x0000031d       0x37 Obj/tm_stm32f4_delay.o
 .ARM.attributes
                0x00000354       0x37 Obj/tm_stm32f4_gpio.o
 .ARM.attributes
                0x0000038b       0x37 Obj/tm_stm32f4_spi.o
 .ARM.attributes
                0x000003c2       0x37 Obj/stm32f4xx_spi.o
 .ARM.attributes
                0x000003f9       0x37 Obj/stm32f4xx_ltdc.o
 .ARM.attributes
                0x00000430       0x37 Obj/stm32f4xx_rcc.o
 .ARM.attributes
                0x00000467       0x37 Obj/stm32f4xx_fmc.o
 .ARM.attributes
                0x0000049e       0x32 c:/program files (x86)/gnu tools arm embedded/5.4 2016q3/bin/../lib/gcc/arm-none-eabi/5.4.1/../../../../arm-none-eabi/lib/armv7e-m/softfp\libg.a(lib_a-errno.o)
 .ARM.attributes
                0x000004d0       0x32 c:/program files (x86)/gnu tools arm embedded/5.4 2016q3/bin/../lib/gcc/arm-none-eabi/5.4.1/../../../../arm-none-eabi/lib/armv7e-m/softfp\libg.a(lib_a-malloc.o)
 .ARM.attributes
                0x00000502       0x32 c:/program files (x86)/gnu tools arm embedded/5.4 2016q3/bin/../lib/gcc/arm-none-eabi/5.4.1/../../../../arm-none-eabi/lib/armv7e-m/softfp\libg.a(lib_a-mallocr.o)
 .ARM.attributes
                0x00000534       0x32 c:/program files (x86)/gnu tools arm embedded/5.4 2016q3/bin/../lib/gcc/arm-none-eabi/5.4.1/../../../../arm-none-eabi/lib/armv7e-m/softfp\libg.a(lib_a-mlock.o)
 .ARM.attributes
                0x00000566       0x32 c:/program files (x86)/gnu tools arm embedded/5.4 2016q3/bin/../lib/gcc/arm-none-eabi/5.4.1/../../../../arm-none-eabi/lib/armv7e-m/softfp\libg.a(lib_a-sbrkr.o)
 .ARM.attributes
                0x00000598       0x32 c:/program files (x86)/gnu tools arm embedded/5.4 2016q3/bin/../lib/gcc/arm-none-eabi/5.4.1/../../../../arm-none-eabi/lib/armv7e-m/softfp\libg.a(lib_a-freer.o)
 .ARM.attributes
                0x000005ca       0x32 c:/program files (x86)/gnu tools arm embedded/5.4 2016q3/bin/../lib/gcc/arm-none-eabi/5.4.1/../../../../arm-none-eabi/lib/armv7e-m/softfp\libg.a(lib_a-reent.o)
 .ARM.attributes
                0x000005fc       0x22 c:/program files (x86)/gnu tools arm embedded/5.4 2016q3/bin/../lib/gcc/arm-none-eabi/5.4.1/armv7e-m/softfp/crtn.o
OUTPUT(demo.elf elf32-littlearm)

.debug_frame    0x00000000     0x1a98
 .debug_frame   0x00000000       0x2c c:/program files (x86)/gnu tools arm embedded/5.4 2016q3/bin/../lib/gcc/arm-none-eabi/5.4.1/../../../../arm-none-eabi/lib/armv7e-m/softfp\libc.a(lib_a-init.o)
 .debug_frame   0x0000002c       0x50 c:/program files (x86)/gnu tools arm embedded/5.4 2016q3/bin/../lib/gcc/arm-none-eabi/5.4.1/../../../../arm-none-eabi/lib/armv7e-m/softfp\libc.a(lib_a-__call_atexit.o)
 .debug_frame   0x0000007c       0x20 c:/program files (x86)/gnu tools arm embedded/5.4 2016q3/bin/../lib/gcc/arm-none-eabi/5.4.1/../../../../arm-none-eabi/lib/armv7e-m/softfp\libc.a(lib_a-atexit.o)
 .debug_frame   0x0000009c       0x34 c:/program files (x86)/gnu tools arm embedded/5.4 2016q3/bin/../lib/gcc/arm-none-eabi/5.4.1/../../../../arm-none-eabi/lib/armv7e-m/softfp\libc.a(lib_a-fini.o)
 .debug_frame   0x000000d0       0x34 c:/program files (x86)/gnu tools arm embedded/5.4 2016q3/bin/../lib/gcc/arm-none-eabi/5.4.1/../../../../arm-none-eabi/lib/armv7e-m/softfp\libc.a(lib_a-__atexit.o)
 .debug_frame   0x00000104      0x384 c:/program files (x86)/gnu tools arm embedded/5.4 2016q3/bin/../lib/gcc/arm-none-eabi/5.4.1/../../../../arm-none-eabi/lib/armv7e-m/softfp\librdimon.a(rdimon-syscalls.o)
 .debug_frame   0x00000488       0x3c Obj/system_stm32f4xx.o
 .debug_frame   0x000004c4       0xb8 Obj/stm32f4xx_it.o
 .debug_frame   0x0000057c       0x28 Obj/main.o
 .debug_frame   0x000005a4      0x450 Obj/tm_stm32f4_ili9341_ltdc.o
 .debug_frame   0x000009f4       0x48 Obj/tm_stm32f4_sdram.o
 .debug_frame   0x00000a3c       0x2c Obj/tm_stm32f4_fonts.o
 .debug_frame   0x00000a68       0xfc Obj/tm_stm32f4_delay.o
 .debug_frame   0x00000b64      0x1cc Obj/tm_stm32f4_gpio.o
 .debug_frame   0x00000d30      0x208 Obj/tm_stm32f4_spi.o
 .debug_frame   0x00000f38      0x1e4 Obj/stm32f4xx_spi.o
 .debug_frame   0x0000111c      0x240 Obj/stm32f4xx_ltdc.o
 .debug_frame   0x0000135c      0x378 Obj/stm32f4xx_rcc.o
 .debug_frame   0x000016d4      0x1f4 Obj/stm32f4xx_fmc.o
 .debug_frame   0x000018c8       0x20 c:/program files (x86)/gnu tools arm embedded/5.4 2016q3/bin/../lib/gcc/arm-none-eabi/5.4.1/../../../../arm-none-eabi/lib/armv7e-m/softfp\libg.a(lib_a-errno.o)
 .debug_frame   0x000018e8       0x30 c:/program files (x86)/gnu tools arm embedded/5.4 2016q3/bin/../lib/gcc/arm-none-eabi/5.4.1/../../../../arm-none-eabi/lib/armv7e-m/softfp\libg.a(lib_a-malloc.o)
 .debug_frame   0x00001918       0x58 c:/program files (x86)/gnu tools arm embedded/5.4 2016q3/bin/../lib/gcc/arm-none-eabi/5.4.1/../../../../arm-none-eabi/lib/armv7e-m/softfp\libg.a(lib_a-mallocr.o)
 .debug_frame   0x00001970       0x30 c:/program files (x86)/gnu tools arm embedded/5.4 2016q3/bin/../lib/gcc/arm-none-eabi/5.4.1/../../../../arm-none-eabi/lib/armv7e-m/softfp\libg.a(lib_a-mlock.o)
 .debug_frame   0x000019a0       0x2c c:/program files (x86)/gnu tools arm embedded/5.4 2016q3/bin/../lib/gcc/arm-none-eabi/5.4.1/../../../../arm-none-eabi/lib/armv7e-m/softfp\libg.a(lib_a-sbrkr.o)
 .debug_frame   0x000019cc       0x74 c:/program files (x86)/gnu tools arm embedded/5.4 2016q3/bin/../lib/gcc/arm-none-eabi/5.4.1/../../../../arm-none-eabi/lib/armv7e-m/softfp\libg.a(lib_a-freer.o)
 .debug_frame   0x00001a40       0x58 c:/program files (x86)/gnu tools arm embedded/5.4 2016q3/bin/../lib/gcc/arm-none-eabi/5.4.1/../../../../arm-none-eabi/lib/armv7e-m/softfp\libg.a(lib_a-reent.o)

.debug_line     0x00000000     0x3740
 .debug_line    0x00000000       0x78 C:\Users\RB\AppData\Local\Temp\ccpJDMjC.o
 .debug_line    0x00000078      0x221 Obj/system_stm32f4xx.o
 .debug_line    0x00000299      0x1c7 Obj/stm32f4xx_it.o
 .debug_line    0x00000460      0x27b Obj/main.o
 .debug_line    0x000006db      0x8ef Obj/tm_stm32f4_ili9341_ltdc.o
 .debug_line    0x00000fca      0x30d Obj/tm_stm32f4_sdram.o
 .debug_line    0x000012d7      0x219 Obj/tm_stm32f4_fonts.o
 .debug_line    0x000014f0      0x3ca Obj/tm_stm32f4_delay.o
 .debug_line    0x000018ba      0x3c4 Obj/tm_stm32f4_gpio.o
 .debug_line    0x00001c7e      0x52f Obj/tm_stm32f4_spi.o
 .debug_line    0x000021ad      0x4a2 Obj/stm32f4xx_spi.o
 .debug_line    0x0000264f      0x52a Obj/stm32f4xx_ltdc.o
 .debug_line    0x00002b79      0x659 Obj/stm32f4xx_rcc.o
 .debug_line    0x000031d2      0x56e Obj/stm32f4xx_fmc.o

.debug_info     0x00000000     0x99ca
 .debug_info    0x00000000       0x55 C:\Users\RB\AppData\Local\Temp\ccpJDMjC.o
 .debug_info    0x00000055      0x62b Obj/system_stm32f4xx.o
 .debug_info    0x00000680      0x121 Obj/stm32f4xx_it.o
 .debug_info    0x000007a1      0x413 Obj/main.o
 .debug_info    0x00000bb4     0x2b75 Obj/tm_stm32f4_ili9341_ltdc.o
 .debug_info    0x00003729      0x85f Obj/tm_stm32f4_sdram.o
 .debug_info    0x00003f88      0x262 Obj/tm_stm32f4_fonts.o
 .debug_info    0x000041ea      0xac3 Obj/tm_stm32f4_delay.o
 .debug_info    0x00004cad      0x909 Obj/tm_stm32f4_gpio.o
 .debug_info    0x000055b6      0xf0f Obj/tm_stm32f4_spi.o
 .debug_info    0x000064c5      0xc08 Obj/stm32f4xx_spi.o
 .debug_info    0x000070cd      0xd33 Obj/stm32f4xx_ltdc.o
 .debug_info    0x00007e00      0xeb1 Obj/stm32f4xx_rcc.o
 .debug_info    0x00008cb1      0xd19 Obj/stm32f4xx_fmc.o

.debug_abbrev   0x00000000     0x1813
 .debug_abbrev  0x00000000       0x12 C:\Users\RB\AppData\Local\Temp\ccpJDMjC.o
 .debug_abbrev  0x00000012      0x145 Obj/system_stm32f4xx.o
 .debug_abbrev  0x00000157       0xc6 Obj/stm32f4xx_it.o
 .debug_abbrev  0x0000021d      0x1cc Obj/main.o
 .debug_abbrev  0x000003e9      0x2d8 Obj/tm_stm32f4_ili9341_ltdc.o
 .debug_abbrev  0x000006c1      0x1a2 Obj/tm_stm32f4_sdram.o
 .debug_abbrev  0x00000863      0x10f Obj/tm_stm32f4_fonts.o
 .debug_abbrev  0x00000972      0x336 Obj/tm_stm32f4_delay.o
 .debug_abbrev  0x00000ca8      0x1b3 Obj/tm_stm32f4_gpio.o
 .debug_abbrev  0x00000e5b      0x275 Obj/tm_stm32f4_spi.o
 .debug_abbrev  0x000010d0      0x1b0 Obj/stm32f4xx_spi.o
 .debug_abbrev  0x00001280      0x209 Obj/stm32f4xx_ltdc.o
 .debug_abbrev  0x00001489      0x1e2 Obj/stm32f4xx_rcc.o
 .debug_abbrev  0x0000166b      0x1a8 Obj/stm32f4xx_fmc.o

.debug_aranges  0x00000000      0x878
 .debug_aranges
                0x00000000       0x28 C:\Users\RB\AppData\Local\Temp\ccpJDMjC.o
 .debug_aranges
                0x00000028       0x28 Obj/system_stm32f4xx.o
 .debug_aranges
                0x00000050       0x50 Obj/stm32f4xx_it.o
 .debug_aranges
                0x000000a0       0x20 Obj/main.o
 .debug_aranges
                0x000000c0      0x128 Obj/tm_stm32f4_ili9341_ltdc.o
 .debug_aranges
                0x000001e8       0x28 Obj/tm_stm32f4_sdram.o
 .debug_aranges
                0x00000210       0x20 Obj/tm_stm32f4_fonts.o
 .debug_aranges
                0x00000230       0x70 Obj/tm_stm32f4_delay.o
 .debug_aranges
                0x000002a0       0x98 Obj/tm_stm32f4_gpio.o
 .debug_aranges
                0x00000338       0xb0 Obj/tm_stm32f4_spi.o
 .debug_aranges
                0x000003e8       0xe0 Obj/stm32f4xx_spi.o
 .debug_aranges
                0x000004c8      0x100 Obj/stm32f4xx_ltdc.o
 .debug_aranges
                0x000005c8      0x1c0 Obj/stm32f4xx_rcc.o
 .debug_aranges
                0x00000788       0xf0 Obj/stm32f4xx_fmc.o

.debug_ranges   0x00000000      0x810
 .debug_ranges  0x00000000       0x20 C:\Users\RB\AppData\Local\Temp\ccpJDMjC.o
 .debug_ranges  0x00000020       0x30 Obj/system_stm32f4xx.o
 .debug_ranges  0x00000050       0x40 Obj/stm32f4xx_it.o
 .debug_ranges  0x00000090       0x10 Obj/main.o
 .debug_ranges  0x000000a0      0x130 Obj/tm_stm32f4_ili9341_ltdc.o
 .debug_ranges  0x000001d0       0x18 Obj/tm_stm32f4_sdram.o
 .debug_ranges  0x000001e8       0x10 Obj/tm_stm32f4_fonts.o
 .debug_ranges  0x000001f8       0x60 Obj/tm_stm32f4_delay.o
 .debug_ranges  0x00000258       0xc8 Obj/tm_stm32f4_gpio.o
 .debug_ranges  0x00000320       0xa0 Obj/tm_stm32f4_spi.o
 .debug_ranges  0x000003c0       0xd0 Obj/stm32f4xx_spi.o
 .debug_ranges  0x00000490       0xf0 Obj/stm32f4xx_ltdc.o
 .debug_ranges  0x00000580      0x1b0 Obj/stm32f4xx_rcc.o
 .debug_ranges  0x00000730       0xe0 Obj/stm32f4xx_fmc.o

.debug_loc      0x00000000     0x449c
 .debug_loc     0x00000000       0xc6 Obj/system_stm32f4xx.o
 .debug_loc     0x000000c6       0x2c Obj/main.o
 .debug_loc     0x000000f2      0xfd9 Obj/tm_stm32f4_ili9341_ltdc.o
 .debug_loc     0x000010cb       0x5a Obj/tm_stm32f4_fonts.o
 .debug_loc     0x00001125      0x26b Obj/tm_stm32f4_delay.o
 .debug_loc     0x00001390      0x605 Obj/tm_stm32f4_gpio.o
 .debug_loc     0x00001995      0x879 Obj/tm_stm32f4_spi.o
 .debug_loc     0x0000220e      0x69b Obj/stm32f4xx_spi.o
 .debug_loc     0x000028a9      0x77f Obj/stm32f4xx_ltdc.o
 .debug_loc     0x00003028      0xbcc Obj/stm32f4xx_rcc.o
 .debug_loc     0x00003bf4      0x8a8 Obj/stm32f4xx_fmc.o

.debug_str      0x00000000     0x3555
 .debug_str     0x00000000      0x393 Obj/system_stm32f4xx.o
                                0x401 (size before relaxing)
 .debug_str     0x00000393       0xa8 Obj/stm32f4xx_it.o
                                0x212 (size before relaxing)
 .debug_str     0x0000043b      0x1cd Obj/main.o
                                0x391 (size before relaxing)
 .debug_str     0x00000608      0x9e4 Obj/tm_stm32f4_ili9341_ltdc.o
                                0xe13 (size before relaxing)
 .debug_str     0x00000fec      0x2fe Obj/tm_stm32f4_sdram.o
                                0x6cb (size before relaxing)
 .debug_str     0x000012ea       0xae Obj/tm_stm32f4_fonts.o
                                0x29f (size before relaxing)
 .debug_str     0x00001398      0x7b8 Obj/tm_stm32f4_delay.o
                                0xa8c (size before relaxing)
 .debug_str     0x00001b50      0x1f8 Obj/tm_stm32f4_gpio.o
                                0x609 (size before relaxing)
 .debug_str     0x00001d48      0x3b3 Obj/tm_stm32f4_spi.o
                                0x830 (size before relaxing)
 .debug_str     0x000020fb      0x330 Obj/stm32f4xx_spi.o
                                0x719 (size before relaxing)
 .debug_str     0x0000242b      0x48c Obj/stm32f4xx_ltdc.o
                                0xa6c (size before relaxing)
 .debug_str     0x000028b7      0x5d5 Obj/stm32f4xx_rcc.o
                                0xa06 (size before relaxing)
 .debug_str     0x00002e8c      0x6c9 Obj/stm32f4xx_fmc.o
                                0xadb (size before relaxing)

.comment        0x00000000       0x6e
 .comment       0x00000000       0x6e Obj/system_stm32f4xx.o
                                 0x6f (size before relaxing)
 .comment       0x0000006e       0x6f Obj/stm32f4xx_it.o
 .comment       0x0000006e       0x6f Obj/main.o
 .comment       0x0000006e       0x6f Obj/tm_stm32f4_ili9341_ltdc.o
 .comment       0x0000006e       0x6f Obj/tm_stm32f4_sdram.o
 .comment       0x0000006e       0x6f Obj/tm_stm32f4_fonts.o
 .comment       0x0000006e       0x6f Obj/tm_stm32f4_delay.o
 .comment       0x0000006e       0x6f Obj/tm_stm32f4_gpio.o
 .comment       0x0000006e       0x6f Obj/tm_stm32f4_spi.o
 .comment       0x0000006e       0x6f Obj/stm32f4xx_spi.o
 .comment       0x0000006e       0x6f Obj/stm32f4xx_ltdc.o
 .comment       0x0000006e       0x6f Obj/stm32f4xx_rcc.o
 .comment       0x0000006e       0x6f Obj/stm32f4xx_fmc.o
